
== [1/4] build ported core library
make: Entering directory '/Users/harryhua/Documents/GitHub/ne30x-app/.worktree/8/apps/line-crossing'
rm -rf build
mkdir -p build
cc -Wall -Wextra -Werror -std=c11 -O2 -Iinclude -c src/lc_tracker.c -o build/lc_tracker.o
cc -Wall -Wextra -Werror -std=c11 -O2 -Iinclude -c src/lc_line_cross.c -o build/lc_line_cross.o
ar rcs build/liblinecross.a build/lc_tracker.o build/lc_line_cross.o
make: Leaving directory '/Users/harryhua/Documents/GitHub/ne30x-app/.worktree/8/apps/line-crossing'
OK: library and test objects build clean (-Wall -Wextra -Werror -std=c11)

== [2/4] upstream regression test (verbatim test_lc_engine.c) vs ported core
all lc engine tests passed

== [3/4] equivalence trace vs committed golden
golden: /Users/harryhua/Documents/GitHub/ne30x-app/.worktree/8/tests/line-crossing/golden/lc_equiv_trace.expected.txt
ported: harness trace (apps/line-crossing core)
diff: IDENTICAL
sha256 golden: 9d5751d675a61444e0c9db9932b1cd1aa5fd766559182f2e0f78091f1e2aa0c0
sha256 ported: 9d5751d675a61444e0c9db9932b1cd1aa5fd766559182f2e0f78091f1e2aa0c0
OK: ported core trace is byte-identical to the upstream golden trace

== [4/4] evidence
evidence written under /Users/harryhua/Documents/GitHub/ne30x-app/.worktree/8/docs/evidence/p7-line-crossing:
build.log
equiv-diff.log
equiv-trace-ported.log
final-run.log
golden-regen.log
provenance.patch
test_lc_engine.log
upstream-baseline.log

RESULT: PASS
