
[21:02:55] >>> version
version
=== AICAM System Version ===

Firmware Version: 4.3.1.297

Build Date: 2026-10-08 19:29:46

Git Hash: a5b4bf3

Git Branch: HEAD

Core System: JSON Config + Event Bus

AICAM>
AICAM>[1970-01-01 08:00:00] [CORE] [INFO] [96m[32m[CORE] wake_due: cap=0(0) flu=0(0) cap_handled=0 flu_handled=0[0m

[21:03:10] >>> apphost info
apphost info
apphost: exec region 0x93e00000-0x94000000 (2097152 bytes)

apphost: abi 0x0001.0000 default image /apps/apphost_test.bin

apphost: littlefs mounted

AICAM>
AICAM>[1970-01-01 08:00:00] [SERVICE] [WARNING] [93m[36m[SERVICE] Timeout waiting for service(s) ready: flags=0x00004100[0m
[1970-01-01 08:00:00] [SERVICE] [INFO] [96m[36m[SERVICE] ========== Capture enqueued to upload coordinator (mode=0), total=31486 ms[0m
[1970-01-01 08:00:00] [SERVICE] [INFO] [96m[36m[SERVICE] Image capture and upload completed successfully[0m
[1970-01-01 08:00:00] [SERVICE] [INFO] [96m[36m[SERVICE] === Wakeup Task Completed ===[0m
[1970-01-01 08:00:00] [SERVICE] [INFO] [96m[36m[SERVICE] RTC timer trigger detected - scheduled capture completed[0m
[1970-01-01 08:00:00] [SERVICE] [INFO] [96m[36m[SERVICE] === Capture Sequence Initiated ===[0m
[1970-01-01 08:00:00] [SERVICE] [INFO] [96m[36m[SERVICE] Scheduled interval: next trigger at 27031 sec (day_offset=0)[0m
[1970-01-01 08:00:00] [CORE] [INFO] [96m[32m[CORE] wake_due: cap=0(0) flu=0(0) cap_handled=0 flu_handled=0[0m

[21:03:16] >>> apphost load /apps/hello_v1.bin
apphost load /apps/hello_v1.bin
apphost: run /apps/hello_v1.bin entry=0x93e00050 size=576 abi=0x0001.0000

[APP] hello-app: standalone NE301 app PoC, ABI v1.0

[APP] hello-app: tick_ms t1=74945 t2=74958 delta=13

[APP] hello-app: platform clock advanced, host APIs usable

apphost: entry returned 20037

AICAM>
AICAM>
[21:03:25] >>> apphost load /apps/hello_v2.bin
apphost load /apps/hello_v2.bin
apphost: run /apps/hello_v2.bin entry=0x93e00050 size=576 abi=0x0001.0000

[APP] hello-app: standalone NE301 app PoC, ABI v1.0

[APP] hello-app: tick_ms t1=81484 t2=81497 delta=13

[APP] hello-app: platform clock advanced, host APIs usable

apphost: entry returned 20038

AICAM>
AICAM>[1970-01-01 08:00:00] [CORE] [INFO] [96m[32m[CORE] wake_due: cap=0(0) flu=0(0) cap_handled=0 flu_handled=0[0m

[21:03:40] >>> apphost load /apps/bad-crc32.bin
apphost load /apps/bad-crc32.bin
apphost: reject /apps/bad-crc32.bin (crc mismatch)

AICAM>
AICAM>[1970-01-01 08:00:00] [SERVICE] [INFO] [96m[36m[SERVICE] Scheduled interval timer triggered (count: 2)[0m
[1970-01-01 08:00:00] [SERVICE] [INFO] [96m[36m[SERVICE] === Capture Trigger Activated ===[0m
[1970-01-01 08:00:00] [SERVICE] [INFO] [96m[36m[SERVICE] Trigger Type: UNKNOWN (8)[0m
[1970-01-01 08:00:00] [SERVICE] [INFO] [96m[36m[SERVICE] RTC timer trigger detected - scheduled capture[0m
[1970-01-01 08:00:00] [SERVICE] [INFO] [96m[36m[SERVICE] === Wakeup Task Started ===[0m
[1970-01-01 08:00:00] [SERVICE] [INFO] [96m[36m[SERVICE] Current work mode: 0[0m
[1970-01-01 08:00:00] [SERVICE] [INFO] [96m[36m[SERVICE] Image mode detected - starting capture and upload to MQTT[0m
[1970-01-01 08:00:00] [SERVICE] [INFO] [96m[36m[SERVICE] ========== Starting image capture and MQTT upload (AI: enabled) ==========[0m
[1970-01-01 08:00:00] [SERVICE] [INFO] [96m[36m[SERVICE] [TIMING] Step 1: Capturing image...[0m
[1970-01-01 08:00:00] [SERVICE] [INFO] [96m[36m[SERVICE] JPEG buffer pointer:0x910df000, size:41294[0m
[1970-01-01 08:00:00] [SERVICE] [INFO] [96m[36m[SERVICE] [TIMING] Step 1 COMPLETED: Image captured - 41294 bytes, frame_id: 2605 (duration: 428 ms)[0m
[1970-01-01 08:00:00] [CORE] [INFO] [96m[32m[CORE] wake_due: cap=0(0) flu=0(0) cap_handled=0 flu_handled=0[0m

[21:03:47] >>> apphost load /apps/bad-abi-version.bin
apphost load /apps/bad-abi-version.bin
apphost: reject /apps/bad-abi-version.bin (abi version mismatch)

AICAM>
AICAM>
[21:03:55] >>> apphost load /apps/bad-target-address.bin
apphost load /apps/bad-target-address.bin
apphost: reject /apps/bad-target-address.bin (target address mismatch)

AICAM>
AICAM>[1970-01-01 08:00:00] [CORE] [INFO] [96m[32m[CORE] wake_due: cap=0(0) flu=0(0) cap_handled=0 flu_handled=0[0m

[21:04:11] >>> apphost load /apps/apphost_test.bin
apphost load /apps/apphost_test.bin
apphost: run /apps/apphost_test.bin entry=0x93e00000 size=120 abi=0x0001.0000

[APP] ne301 apphost test app: abi v1 table ok

apphost: entry returned 24589

AICAM>
AICAM>[1970-01-01 08:00:00] [SERVICE] [WARNING] [93m[36m[SERVICE] Timeout waiting for service(s) ready: flags=0x00004100[0m
[1970-01-01 08:00:00] [SERVICE] [INFO] [96m[36m[SERVICE] ========== Capture enqueued to upload coordinator (mode=0), total=31378 ms[0m
[1970-01-01 08:00:00] [SERVICE] [INFO] [96m[36m[SERVICE] Image capture and upload completed successfully[0m
[1970-01-01 08:00:00] [SERVICE] [INFO] [96m[36m[SERVICE] === Wakeup Task Completed ===[0m
[1970-01-01 08:00:00] [SERVICE] [INFO] [96m[36m[SERVICE] RTC timer trigger detected - scheduled capture completed[0m
[1970-01-01 08:00:00] [SERVICE] [INFO] [96m[36m[SERVICE] === Capture Sequence Initiated ===[0m
[1970-01-01 08:00:00] [SERVICE] [INFO] [96m[36m[SERVICE] Scheduled interval: next trigger at 27031 sec (day_offset=0)[0m
[1970-01-01 08:00:00] [CORE] [INFO] [96m[32m[CORE] wake_due: cap=0(0) flu=0(0) cap_handled=0 flu_handled=0[0m
