
== [0/8] preflight
python3=Python 3.14.4 cryptography=48.0.0 openssl=OpenSSL3.6.2

== [1/8] v1 regression UNCHANGED (tests/package/run_package_checks.sh)

== [0/9] preflight
python3=Python 3.14.4 cryptography=48.0.0 openssl=OpenSSL3.6.2

== [1/9] generate NON-PRODUCTION dev/test signing identity (AC3)
dev signing identity generated (NON-PRODUCTION TEST ROOT)
  private key (gitignored, owner-only): /Users/harryhua/Documents/GitHub/ne30x-app/.worktree/12/.worktree/13/tests/package/work/keys/dev-signer.pem
  signer SPKI DER: /Users/harryhua/Documents/GitHub/ne30x-app/.worktree/12/.worktree/13/tests/package/work/keys/dev-signer.spki.der (91 B)
  SHA-256(SPKI DER): 612c012365599c61fe7c747bcbf3b7877e4406781ed264b0ff43e24502787802
  trust store: /Users/harryhua/Documents/GitHub/ne30x-app/.worktree/12/.worktree/13/tests/package/work/trust-dev.json (publisher_id 'dev-publisher')

== [2/9] clean build hello-app V1 + V2 native images (pinned ABI, Arm GNU)
make: Entering directory '/Users/harryhua/Documents/GitHub/ne30x-app/.worktree/12/.worktree/13/apps/hello-app'
rm -rf build build-v2
bash ../../tools/fetch_abi_header.sh build/cache/app_host_abi.h
fetch_abi_header: OK (local pinned checkout /tmp/ne301-pinned-ro) -> build/cache/app_host_abi.h
  pinned harryhua-ai/ne301@a5b4bf3dd25931d612680aff200e4e0ac8d8e64e:Custom/Common/Inc/app_host_abi.h
  sha256 9337f684893cf2a06aea6f6f8c448708d91e8f9c6c86c24905ced8a7d5df23f4
arm-none-eabi-gcc -mcpu=cortex-m55 -mthumb -mfpu=fpv5-d16 -mfloat-abi=hard -std=gnu11 -Os -Wall -Werror -ffunction-sections -fdata-sections -ffreestanding -fno-builtin -Ibuild/cache  -nostdlib -T hello_app.ld -Wl,--gc-sections -Wl,-Map,build/hello-app.map -o build/hello-app.elf main.c
arm-none-eabi-objcopy -O binary build/hello-app.elf build/hello-app.payload.bin
python3 ../../tools/pack_app_image.py \
	--elf build/hello-app.elf --payload build/hello-app.payload.bin --out build/hello-app.bin \
	--abi-header build/cache/app_host_abi.h --nm arm-none-eabi-nm --objcopy arm-none-eabi-objcopy \
	--exec-base 0x93E00000
packed build/hello-app.bin: header 32 B + payload 576 B = 608 B, entry_offset 0x50, crc32 0x1eb77cb6, abi 0x00010000, target 0x93e00000
   text	   data	    bss	    dec	    hex	filename
    576	      0	      0	    576	    240	build/hello-app.elf
hello-app: image ready -> build/hello-app.bin
make: Leaving directory '/Users/harryhua/Documents/GitHub/ne30x-app/.worktree/12/.worktree/13/apps/hello-app'
make: Entering directory '/Users/harryhua/Documents/GitHub/ne30x-app/.worktree/12/.worktree/13/apps/hello-app'
rm -rf build-v2
bash ../../tools/fetch_abi_header.sh build-v2/cache/app_host_abi.h
fetch_abi_header: OK (local pinned checkout /tmp/ne301-pinned-ro) -> build-v2/cache/app_host_abi.h
  pinned harryhua-ai/ne301@a5b4bf3dd25931d612680aff200e4e0ac8d8e64e:Custom/Common/Inc/app_host_abi.h
  sha256 9337f684893cf2a06aea6f6f8c448708d91e8f9c6c86c24905ced8a7d5df23f4
arm-none-eabi-gcc -mcpu=cortex-m55 -mthumb -mfpu=fpv5-d16 -mfloat-abi=hard -std=gnu11 -Os -Wall -Werror -ffunction-sections -fdata-sections -ffreestanding -fno-builtin -Ibuild-v2/cache -DHELLO_APP_VERSION=2 -nostdlib -T hello_app.ld -Wl,--gc-sections -Wl,-Map,build-v2/hello-app-v2.map -o build-v2/hello-app-v2.elf main.c
arm-none-eabi-objcopy -O binary build-v2/hello-app-v2.elf build-v2/hello-app-v2.payload.bin
python3 ../../tools/pack_app_image.py \
	--elf build-v2/hello-app-v2.elf --payload build-v2/hello-app-v2.payload.bin --out build-v2/hello-app-v2.bin \
	--abi-header build-v2/cache/app_host_abi.h --nm arm-none-eabi-nm --objcopy arm-none-eabi-objcopy \
	--exec-base 0x93E00000
packed build-v2/hello-app-v2.bin: header 32 B + payload 576 B = 608 B, entry_offset 0x50, crc32 0x24352317, abi 0x00010000, target 0x93e00000
   text	   data	    bss	    dec	    hex	filename
    576	      0	      0	    576	    240	build-v2/hello-app-v2.elf
hello-app: image ready -> build-v2/hello-app-v2.bin
make: Leaving directory '/Users/harryhua/Documents/GitHub/ne30x-app/.worktree/12/.worktree/13/apps/hello-app'
V1 reproduction OK: sha256 d6eec431c6c17b84770263ce8e8a9d386f9e798d14024f4452f090c87c6e2d03 (608 B, byte-identical to Issue #2 record)
V2 new artifact: sha256 e8526a1ab0500a49b23d09fabf2f3664823b55de99bef301fe816d39d5041bfd (608 B)
  (historical v2 db1c6d60b398cab11a276e15770fdcdf9d42b9c96b4de6ef2cc93c1ecdec8744 is NOT claimed; see docs/p3-packaging.md)
VALID: file=608 payload=576 target=0x93e00000 entry_offset=0x50 abi=0x00010000 crc32=0x1eb77cb6
VALID: file=608 payload=576 target=0x93e00000 entry_offset=0x50 abi=0x00010000 crc32=0x24352317

== [3/9] reproducibility: rebuild V1 from clean, require identical sha256
reproducible OK: sha256 d6eec431c6c17b84770263ce8e8a9d386f9e798d14024f4452f090c87c6e2d03

== [4/9] pack .neapp v1 packages (packer self-verifies before writing)
packed /Users/harryhua/Documents/GitHub/ne30x-app/.worktree/12/.worktree/13/tests/package/work/pkg/hello-app-v1.neapp: tbs 784 B + der 72 B = 856 B, package_sha256 94688a9c77c34ea4ad373bea77c5a2e2fe4b43fba1ee6d662b132907547290ce, content_identity(SHA-256(TBS)) c95e940b074652a239b60d06cef002636544b9e9a06cee7f99c8bf2f2c38c938
provenance -> /Users/harryhua/Documents/GitHub/ne30x-app/.worktree/12/.worktree/13/tests/package/work/pkg/hello-app-v1.neapp.provenance.json
packed /Users/harryhua/Documents/GitHub/ne30x-app/.worktree/12/.worktree/13/tests/package/work/pkg/hello-app-v2.neapp: tbs 784 B + der 72 B = 856 B, package_sha256 5a509d920bfd776fd6fc8b28d0b31159944e0c5b8acd129abbd819ee706cb1bb, content_identity(SHA-256(TBS)) 1379ccbd978a2f2dc3f8dc21f40e054036636a02dd5ea326e0ae23355f73e716
provenance -> /Users/harryhua/Documents/GitHub/ne30x-app/.worktree/12/.worktree/13/tests/package/work/pkg/hello-app-v2.neapp.provenance.json
packed /Users/harryhua/Documents/GitHub/ne30x-app/.worktree/12/.worktree/13/tests/package/work/pkg/v2-image-as-1.0.0.neapp: tbs 784 B + der 70 B = 854 B, package_sha256 c04daa04e02ef832c0790449f81fe82bc9fd7a5fea937a7c25ee26060060f8ac, content_identity(SHA-256(TBS)) ac30bae74f3ecbe9da9fbe60d72edd919ae5e45f2edf842348eb86ae64576fa2
provenance -> /Users/harryhua/Documents/GitHub/ne30x-app/.worktree/12/.worktree/13/tests/package/work/pkg/v2-image-as-1.0.0.neapp.provenance.json

== [5/9] offline verification of the trusted packages (must PASS)
VERIFIED: PASS — /Users/harryhua/Documents/GitHub/ne30x-app/.worktree/12/.worktree/13/tests/package/work/pkg/hello-app-v1.neapp
{
  "app_id": "hello-app",
  "app_version": "1.0.0",
  "boundary": "offline verification only: not device install, execution, or power-fail recovery evidence",
  "content_identity_sha256": "c95e940b074652a239b60d06cef002636544b9e9a06cee7f99c8bf2f2c38c938",
  "native_crc32": "0x1eb77cb6",
  "native_entry_offset": "0x50",
  "native_file_len": 608,
  "native_file_sha256": "d6eec431c6c17b84770263ce8e8a9d386f9e798d14024f4452f090c87c6e2d03",
  "native_image_size": 576,
  "native_target_addr": "0x93e00000",
  "package_sha256": "94688a9c77c34ea4ad373bea77c5a2e2fe4b43fba1ee6d662b132907547290ce",
  "publisher_id": "dev-publisher",
  "publisher_key_sha256": "612c012365599c61fe7c747bcbf3b7877e4406781ed264b0ff43e24502787802",
  "required_exec_region_bytes": 576,
  "required_host_abi": "0x00010000",
  "required_host_caps": "0x3",
  "required_psram_mib": 64,
  "result": "PASS",
  "signature_len": 72,
  "target_board_id": "0x00003010",
  "tbs_len": 784
}
VERIFIED: PASS — /Users/harryhua/Documents/GitHub/ne30x-app/.worktree/12/.worktree/13/tests/package/work/pkg/hello-app-v2.neapp
{
  "app_id": "hello-app",
  "app_version": "2.0.0",
  "boundary": "offline verification only: not device install, execution, or power-fail recovery evidence",
  "content_identity_sha256": "1379ccbd978a2f2dc3f8dc21f40e054036636a02dd5ea326e0ae23355f73e716",
  "native_crc32": "0x24352317",
  "native_entry_offset": "0x50",
  "native_file_len": 608,
  "native_file_sha256": "e8526a1ab0500a49b23d09fabf2f3664823b55de99bef301fe816d39d5041bfd",
  "native_image_size": 576,
  "native_target_addr": "0x93e00000",
  "package_sha256": "5a509d920bfd776fd6fc8b28d0b31159944e0c5b8acd129abbd819ee706cb1bb",
  "publisher_id": "dev-publisher",
  "publisher_key_sha256": "612c012365599c61fe7c747bcbf3b7877e4406781ed264b0ff43e24502787802",
  "required_exec_region_bytes": 576,
  "required_host_abi": "0x00010000",
  "required_host_caps": "0x3",
  "required_psram_mib": 64,
  "result": "PASS",
  "signature_len": 72,
  "target_board_id": "0x00003010",
  "tbs_len": 784
}
VERIFIED: PASS — /Users/harryhua/Documents/GitHub/ne30x-app/.worktree/12/.worktree/13/tests/package/work/pkg/v2-image-as-1.0.0.neapp
{
  "app_id": "hello-app",
  "app_version": "1.0.0",
  "boundary": "offline verification only: not device install, execution, or power-fail recovery evidence",
  "content_identity_sha256": "ac30bae74f3ecbe9da9fbe60d72edd919ae5e45f2edf842348eb86ae64576fa2",
  "native_crc32": "0x24352317",
  "native_entry_offset": "0x50",
  "native_file_len": 608,
  "native_file_sha256": "e8526a1ab0500a49b23d09fabf2f3664823b55de99bef301fe816d39d5041bfd",
  "native_image_size": 576,
  "native_target_addr": "0x93e00000",
  "package_sha256": "c04daa04e02ef832c0790449f81fe82bc9fd7a5fea937a7c25ee26060060f8ac",
  "publisher_id": "dev-publisher",
  "publisher_key_sha256": "612c012365599c61fe7c747bcbf3b7877e4406781ed264b0ff43e24502787802",
  "required_exec_region_bytes": 576,
  "required_host_abi": "0x00010000",
  "required_host_caps": "0x3",
  "required_psram_mib": 64,
  "result": "PASS",
  "signature_len": 70,
  "target_board_id": "0x00003010",
  "tbs_len": 784
}

== [6/9] independent OpenSSL cross-verification of the same TBS/signatures
hello-app-v1: Verified OK
hello-app-v2: Verified OK

== [7/9] P2 spec §2.5 vectors: byte-exact adoption + expected result classes
spec vector suite: 15 entries; all hash assertions and expected result classes matched
results -> /Users/harryhua/Documents/GitHub/ne30x-app/.worktree/12/.worktree/13/tests/package/work/spec-vectors-results.json

== [8/9] locally generated structure/DER/policy cases
[generated] positives
  ok dev_v1_accept: PASS
  ok dev_v2_accept: PASS
  ok repack_same_content_identity
  ok v1_to_v2_traceable_replacement
  ok version_content_conflict_discriminator
[generated] signature coverage negatives
  tamper_payload: signed_len=784 payload_region=[208,784) tamper_offset=496 expected=SIGNATURE_INVALID
  ok tamper_payload: SIGNATURE_INVALID
  ok tamper_signature_last_byte: SIGNATURE_INVALID
  ok tamper_manifest_version: SIGNATURE_INVALID
  ok wrong_signer_key: SIGNATURE_INVALID
[generated] structure negatives
  ok truncate_signature: BAD_PACKAGE
  ok truncate_whole_package: BAD_PACKAGE
  ok append_tail_byte: BAD_PACKAGE
  ok manifest_len_159: BAD_PACKAGE
  ok manifest_len_zero: BAD_PACKAGE
  ok image_len_below_header: BAD_PACKAGE
  ok image_len_overflow: BAD_PACKAGE
  ok magic_corrupted: BAD_PACKAGE
[generated] DER encoding negatives
  ok der_second_object: BAD_PACKAGE
  ok der_r_zero: BAD_PACKAGE
  ok der_nonminimal_length: BAD_PACKAGE
[generated] manifest encoding negatives (re-signed)
  ok app_id_nonzero_padding: BAD_PACKAGE
  ok app_id_embedded_nul: BAD_PACKAGE
[generated] re-signed policy negatives
  ok board_0x3011_signed: TARGET_INCOMPATIBLE
  ok psram_32_signed: TARGET_INCOMPATIBLE
  ok caps_unknown_bit_signed: BAD_PACKAGE
  ok abi_manifest_header_mismatch_signed: BAD_PACKAGE
  ok abi_wrong_everywhere_signed: ABI_INCOMPATIBLE
  ok entry_odd_signed: BAD_PACKAGE
  ok exec_region_overcommit_signed: RESOURCE_LIMIT
  ok unknown_publisher: PUBLISHER_UNTRUSTED
[generated] re-signed content with inconsistent CRC/manifest cross-checks
  ok resigned_payload_crc_mismatch: BAD_PACKAGE
  ok resigned_payload_digest_mismatch: BAD_PACKAGE
  ok native_file_overrides_small_region: RESOURCE_LIMIT
generated case suite: 33 entries, all expectations matched
results -> /Users/harryhua/Documents/GitHub/ne30x-app/.worktree/12/.worktree/13/tests/package/work/generated-cases/generated-cases-results.json

== [9/9] write structured evidence
evidence -> /Users/harryhua/Documents/GitHub/ne30x-app/.worktree/12/.worktree/13/docs/evidence/p3-package-artifacts.json

== ALL PACKAGE CHECKS PASSED
V1 image  /Users/harryhua/Documents/GitHub/ne30x-app/.worktree/12/.worktree/13/apps/hello-app/build/hello-app.bin
  sha256 d6eec431c6c17b84770263ce8e8a9d386f9e798d14024f4452f090c87c6e2d03
V2 image  /Users/harryhua/Documents/GitHub/ne30x-app/.worktree/12/.worktree/13/apps/hello-app/build-v2/hello-app-v2.bin
  sha256 e8526a1ab0500a49b23d09fabf2f3664823b55de99bef301fe816d39d5041bfd
V1 package /Users/harryhua/Documents/GitHub/ne30x-app/.worktree/12/.worktree/13/tests/package/work/pkg/hello-app-v1.neapp
  sha256 94688a9c77c34ea4ad373bea77c5a2e2fe4b43fba1ee6d662b132907547290ce
V2 package /Users/harryhua/Documents/GitHub/ne30x-app/.worktree/12/.worktree/13/tests/package/work/pkg/hello-app-v2.neapp
  sha256 5a509d920bfd776fd6fc8b28d0b31159944e0c5b8acd129abbd819ee706cb1bb
P3-owned artifact restored; this run snapshotted to docs/evidence/p6-v1-regression-artifacts.json

== [2/8] #12 spec-v2 vector suite UNCHANGED (tests/spec-v2/run_all_tests.py)
.neapp v2 candidate spec vector suite (evidence -> docs/evidence/spec-v2/)

== [1] Golden v2 package rebuild and digest pinning (spec §10.1) ==
  [PASS] golden_tbs_length — TBS length 244
  [PASS] golden_tbs_digest_pinned — SHA-256(TBS)=e14e2cce8b3b0ecfa1d0af0538e931d3403c318a665126288c5c82b96ffbd278
  [PASS] golden_pkg_length — package length 314
  [PASS] golden_pkg_digest_pinned — SHA-256(package)=3766e8afc39b267c26bece857e4177248f847aab265ce1b9c3dbf18b27c9eb3e
  [PASS] golden_structural_manifest_native_policy — magic ok, manifest_len=192, abi=0x00020000, caps=0x3f, profile=1, quotas 2048/4096/6144
  [PASS] golden_crypto_pure_python — pure-Python P-256 verify against d=1 SPKI
  [PASS] golden_spki_digest_pinned — SHA-256(SPKI DER) matches manifest publisher_key_sha256
  [PASS] golden_crypto_openssl — openssl dgst -sha256 -verify: Verified OK (exit 0)
== [2] Historical 1024/4096 archive = valid-math / resource-insufficient negative (spec §10.2, §8 M7) ==
  [PASS] archive_tbs_digest_pinned — archived TBS reconstructed byte-for-byte
  [PASS] archive_pkg_digest_pinned — archived package (TBS+fixed DER) reconstructed
  [PASS] archive_signature_math_valid — proving the rejection below is resource policy, not signature
  [PASS] archive_quota_1024_4096_resource_limit — event_max=1024 < 1576 (64-frame ai_events), report_max=4096 < 6144 -> RESOURCE_LIMIT: event_max 1024 < 1576 required for 64-detection ai_events
== [3] Re-signed policy rejections + host caps subset: valid signature must NOT bypass policy (spec §10.3.3, §8 M4/M5/M6/M9/M10) ==
  [PASS] caps_unknown_bit6 — caps bit6 set, RFC6979 re-signed -> BAD_PACKAGE: unknown capability bits 0x00000040
  [PASS] caps_unknown_bit6_signature_valid — rejection is policy, not signature
  [PASS] reserved_176_nonzero — manifest reserved[176]=0x01, re-signed -> BAD_PACKAGE: manifest reserved[176..191] not zero
  [PASS] reserved_58_59_nonzero — manifest reserved[58]=0x01, re-signed -> BAD_PACKAGE: manifest reserved[58..59] not zero
  [PASS] unknown_run_profile — run_profile=2, re-signed -> BAD_PACKAGE: unknown run_profile 2
  [PASS] profile1_without_bit5 — caps=0x1f (no session_lifecycle), re-signed -> BAD_PACKAGE: profile 1 must declare session_lifecycle (bit5)
  [PASS] ai_events_zero_event_max — caps bit2 kept, event_max=0, re-signed -> BAD_PACKAGE: ai_events requires nonzero event_max
  [PASS] v2_container_v1_abi — required_host_abi=0x00010000 inside NMF2 manifest, re-signed -> BAD_PACKAGE: v2 manifest required_host_abi=0x00010000 != 0x00020000
  [PASS] caps_subset_negative_signature_valid — golden signature pinned valid; the rejection below is host policy, not signature
  [PASS] caps_subset_host_missing_report_submit — caps=0x3f all known bits; Host lacks report_submit -> ABI_INCOMPATIBLE: host does not provide capability bits 0x00000008 (known but unsupported)
  [PASS] unknown_publisher_id — format-valid publisher_id absent from Host trust store, re-signed -> PUBLISHER_UNTRUSTED: publisher_id 'untrusted-pub' not in Host trusted mapping
  [PASS] publisher_negative_signature_valid — re-signed with the Host-store key: rejection below is trust mapping, not signature
  [PASS] publisher_key_fingerprint_mismatch — manifest fingerprint altered, Host store entry unchanged, re-signed -> PUBLISHER_UNTRUSTED: publisher_key_sha256 mismatch for 'test-publisher' vs Host trust store
  [PASS] target_outside_host_loader_range — self-consistent target 0x94E00000 outside Host loader range, re-signed -> RESOURCE_LIMIT: native target_addr 0x94e00000+36B outside host loader range 0x93e00000..0x94000000
  [PASS] exec_region_exceeds_host_actual — required_exec_region_bytes=3MiB > host actual 2MiB, re-signed -> RESOURCE_LIMIT: exec_region 3145728 exceeds host actual execution region 2097152
  [PASS] native_header_abi_mismatch_vs_manifest — native header abi=0x00010000 vs manifest 0x00020000, digest-consistent, re-signed -> BAD_PACKAGE: native abi 0x00010000 != manifest required_host_abi
  [PASS] native_reserved0_nonzero — native reserved0=1 with matching digest, re-signed -> BAD_PACKAGE: native header reserved0 != 0
  [PASS] manifest_native_len_mismatch — manifest native_file_len=+1, re-signed -> BAD_PACKAGE: manifest native_file_len != actual native length
== [4] Container/DER structural negatives (spec §10.3.2, §10.3.7) ==
  [PASS] der_trailing_byte — valid 70B DER + 1 trailing byte (must fully consume tail) -> BAD_PACKAGE: DER does not consume its tail exactly
  [PASS] der_truncated — signature truncated by 1 byte -> BAD_PACKAGE: DER does not consume its tail exactly
  [PASS] manifest_len_160_in_v2 — manifest_len field=160 (v1 value) in v2 header -> BAD_PACKAGE: manifest_len 160 wrong for container
  [PASS] v1_magic_on_v2_container — container magic downgraded to v1, body unchanged -> BAD_PACKAGE: container magic 4e45415050010000 != 4e45415050020000
  [PASS] v2_package_on_v1_host — v2 golden fed to frozen v1 structural rules -> BAD_PACKAGE: v1: unknown container magic 4e45415050020000
  [PASS] nmf1_magic_in_v2 — manifest magic NMF1 in v2 container, re-signed -> BAD_PACKAGE: manifest magic b'NMF1' != NMF2
== [5] Signed-content tamper (spec §10.3.1) ==
     layout: manifest [16,208), native hdr [208,240), true payload [240,244), DER [244,314)
  [PASS] payload_tamper_detected — true payload byte at TBS[240] flipped (DER untouched) -> SIGNATURE_INVALID
  [PASS] payload_tamper_openssl_rejects — openssl: Verification failure (exit 1)
  [PASS] manifest_tamper_detected — manifest byte 40 (app_id area) flipped -> SIGNATURE_INVALID
  [PASS] der_region_tamper_detected — DER byte 250 flipped (TBS untouched) -> SIGNATURE_INVALID
== [6] Old/new interop discrimination (spec §8 M2/M3/M4) ==
  [PASS] v1_golden_digest — frozen v1 §2.5 golden rebuilt from spec HEX
  [PASS] v1_golden_structural — v1 container ok, abi=0x00010000, caps=0x3 (log|tick_ms only)
  [PASS] v1_golden_signature_valid — v1 golden DER verifies against the same d=1 SPKI
  [PASS] v1_on_v2_host_caps_limited — v2 Host grants log|tick_ms only; no v2 capability may be inferred
  [PASS] v1_golden_openssl — openssl: Verified OK (exit 0)
== [7] AI event wire (spec §5, §10.4) ==
  [PASS] frame64_length_1576 — len=1576
  [PASS] frame64_roundtrip — encode/validate round trip
  [PASS] frame0_is_40b — distinct from NO_EVENT/MODEL_CHANGED/STOPPING
  [PASS] kind_model_changed_encodes — kind=2
  [PASS] kind_gap_encodes — kind=3
  [PASS] kind_stopping_encodes — kind=4
  [PASS] event_unknown_kind — kind=5 -> BAD_EVENT: unknown kind 5
  [PASS] event_unknown_flag_bit — flags bit2 set -> BAD_EVENT: undefined flag bits 0x00000004
  [PASS] event_flag1_without_sentinel — flags.bit1=1 but lost_frame_count=7 (must be 0xFFFFFFFF) -> BAD_EVENT: flags.bit1=1 requires lost_frame_count=0xFFFFFFFF
  [PASS] event_sentinel_without_flag1 — lost_frame_count=0xFFFFFFFF without flags.bit1 -> BAD_EVENT: lost_frame_count sentinel without flags.bit1
  [PASS] event_65_detections_encode — 65 detections > 64 -> BAD_EVENT: 65 detections > 64
  [PASS] event_65_detections_wire — hand-built 65-detection event rejected, not truncated -> BAD_EVENT: detection_count 65 > 64
  [PASS] event_total_len_mismatch — total_len=100 != 40+24*2 -> BAD_EVENT: total_len != 40 + 24*detection_count
  [PASS] event_nonfinite_confidence — confidence bits = quiet NaN -> BAD_EVENT: record 0 confidence not finite
  [PASS] event_class_index_oob — class_index=8 >= class_count=8 -> BAD_EVENT: record 0 class_index 8 >= class_count 8
== [8] model_meta / report-size host semantics (spec §6.5/§6.6) ==
  [PASS] model_meta_layout — loaded=1 name='line-crossing-model' ver='2.1.0'
  [PASS] model_meta_wrong_type_incompatible — result_type=2 -> INCOMPATIBLE
  [PASS] report_oversize_rejected — 6145B report vs report_max=6144 -> QUOTA_EXCEEDED (no truncation)
  [PASS] report_capacity_aligns_lc_dq — declared report_max == LC_DQ_SLOT_CAPACITY evidence anchor
  [PASS] model_name_no_nul — model_name fills all 64B without NUL -> INCOMPATIBLE: model_name missing NUL terminator
  [PASS] model_name_junk_after_nul — model_name carries junk after its NUL -> INCOMPATIBLE: model_name has non-zero bytes after its NUL
  [PASS] model_version_no_nul — model_version fills all 32B without NUL -> INCOMPATIBLE: model_version missing NUL terminator
  [PASS] model_meta_trailing_reserved_nonzero — trailing 8B reserved nonzero -> INCOMPATIBLE: model_meta trailing reserved not zero
== [9] tick_ms modulo-2^32 semantics (spec §6.3/§6.4; A decision issuecomment-6093724900) ==
  [PASS] tick_positive_small_delta — ordinary small forward step, well below the wrap point
  [PASS] tick_wrap_7fffffff_to_80000000 — mod-2^32 wrap past 2^31; the naive signed-int32 reading of 0x80000000 is -2147483648 and must NOT be treated as a §6.4 negative error code
  [PASS] tick_int32_trap_guard_80000000 — negative int32 value exists but the delta channel is uint32 mod-2^32 only
  [PASS] tick_wrap_ffffffff_to_00000000 — 0xffffffff -> 0x00000000 is +1 mod 2^32; the int32 reading -1 is not a §6.4 error
  [PASS] tick_bits_out_of_range — non-u32 bit pattern rejected -> INVALID_ARGUMENT: tick bits 0x100000000 outside u32

Evidence written to docs/evidence/spec-v2/

Result: 73/73 vectors PASS
All vectors PASS. Host-side spec evidence only — no device PASS (spec §12).

== [3/8] NON-PRODUCTION identities (dev key per round + PUBLIC spec d=1 test signer)
dev signing identity generated (NON-PRODUCTION TEST ROOT)
  private key (gitignored, owner-only): /Users/harryhua/Documents/GitHub/ne30x-app/.worktree/12/.worktree/13/tests/package-v2/work/keys/dev-signer.pem
  signer SPKI DER: /Users/harryhua/Documents/GitHub/ne30x-app/.worktree/12/.worktree/13/tests/package-v2/work/keys/dev-signer.spki.der (91 B)
  SHA-256(SPKI DER): 286c0cad7323705c0542cedc0f59e4614fa6504eebb83d6dcad3feba87648af3
  trust store: /Users/harryhua/Documents/GitHub/ne30x-app/.worktree/12/.worktree/13/tests/package-v2/work/trust-dev.json (publisher_id 'dev-publisher')
d=1 test identity generated (PUBLIC, NON-PRODUCTION): SPKI sha256 5cd252fb0ce8932436faf8ccd1040981b89ee4ad6b9fe9e2a2b7e71aacb27cd3
  private key (gitignored): /Users/harryhua/Documents/GitHub/ne30x-app/.worktree/12/.worktree/13/tests/package-v2/work/keys/d1-test-signer.pem
  trust store: /Users/harryhua/Documents/GitHub/ne30x-app/.worktree/12/.worktree/13/tests/package-v2/work/trust-d1.json (publisher_id 'test-publisher')

== [4/8] controlled v2-ABI native test images (deterministic)
v2 test image -> /Users/harryhua/Documents/GitHub/ne30x-app/.worktree/12/.worktree/13/tests/package-v2/work/img/lc-test-image.bin
  bytes    36 (32B NEA1 header + 4B payload)
  abi      0x00020000  target 0x93e00000  entry 0x0  crc32 0xde8e3439
  sha256   9e7fb5a89e294425e83ac3fb39d6251424ab12a1d236b821d06eb41053c8c095
controlled image == #12 golden native image (byte-identical)
v2 test image -> /Users/harryhua/Documents/GitHub/ne30x-app/.worktree/12/.worktree/13/tests/package-v2/work/img/lc-test-alt-image.bin
  bytes    36 (32B NEA1 header + 4B payload)
  abi      0x00020000  target 0x93e00000  entry 0x0  crc32 0x4e3129a8
  sha256   16cd5a93088375060043fdd728f7fec56d4edec17c684225f327a813e30fb39a

== [5/8] golden replica pack (d=1): TBS must equal the #12 golden TBS byte-for-byte
packed /Users/harryhua/Documents/GitHub/ne30x-app/.worktree/12/.worktree/13/tests/package-v2/work/pkg/golden-replica.neapp.v2: tbs 244 B + der 71 B = 315 B, package_sha256 aad02bca22a1e10cd70f73d592ad89440e11a12a9c361abb5c99271087af3112, content_identity(SHA-256(TBS)) e14e2cce8b3b0ecfa1d0af0538e931d3403c318a665126288c5c82b96ffbd278
provenance -> /Users/harryhua/Documents/GitHub/ne30x-app/.worktree/12/.worktree/13/tests/package-v2/work/pkg/golden-replica.neapp.v2.provenance.json
replica TBS byte-identical to #12 golden; SHA-256(TBS) e14e2cce8b3b0ecfa1d0af0538e931d3403c318a665126288c5c82b96ffbd278
VERIFIED: PASS — /Users/harryhua/Documents/GitHub/ne30x-app/.worktree/12/.worktree/13/tests/package-v2/work/pkg/golden-replica.neapp.v2
{
  "app_id": "hello-app",
  "app_version": "1.0.0",
  "boundary": "offline verification only: not device install, execution, STM32/PKA verification, or power-fail recovery evidence",
  "content_identity_sha256": "e14e2cce8b3b0ecfa1d0af0538e931d3403c318a665126288c5c82b96ffbd278",
  "event_max": 2048,
  "format": "neapp-v2",
  "native_crc32": "0xde8e3439",
  "native_entry_offset": "0x0",
  "native_file_len": 36,
  "native_file_sha256": "9e7fb5a89e294425e83ac3fb39d6251424ab12a1d236b821d06eb41053c8c095",
  "native_image_size": 4,
  "native_target_addr": "0x93e00000",
  "package_sha256": "aad02bca22a1e10cd70f73d592ad89440e11a12a9c361abb5c99271087af3112",
  "publisher_id": "test-publisher",
  "publisher_key_sha256": "5cd252fb0ce8932436faf8ccd1040981b89ee4ad6b9fe9e2a2b7e71aacb27cd3",
  "report_max": 6144,
  "required_exec_region_bytes": 4,
  "required_host_abi": "0x00020000",
  "required_host_caps": "0x3f",
  "required_psram_mib": 64,
  "result": "PASS",
  "run_profile": 1,
  "signature_len": 71,
  "state_quota": 4096,
  "target_board_id": "0x00003010",
  "tbs_len": 244
}

== [6/8] dev-key v2 packages (AC1 traceable provenance, upgrade + conflict discriminators)
packed /Users/harryhua/Documents/GitHub/ne30x-app/.worktree/12/.worktree/13/tests/package-v2/work/pkg/lc-test-app-1.0.0.neapp.v2: tbs 244 B + der 71 B = 315 B, package_sha256 efcc324207a12d751bb3456ef12ea35452698b8619ef490258a4db34c2a2d3a1, content_identity(SHA-256(TBS)) 976847ba61153d9d66cbd0664679310c52f12b8c00bddb6fb9038c11c3c6a993
provenance -> /Users/harryhua/Documents/GitHub/ne30x-app/.worktree/12/.worktree/13/tests/package-v2/work/pkg/lc-test-app-1.0.0.neapp.v2.provenance.json
VERIFIED: PASS — /Users/harryhua/Documents/GitHub/ne30x-app/.worktree/12/.worktree/13/tests/package-v2/work/pkg/lc-test-app-1.0.0.neapp.v2
{
  "app_id": "lc-test-app",
  "app_version": "1.0.0",
  "boundary": "offline verification only: not device install, execution, STM32/PKA verification, or power-fail recovery evidence",
  "content_identity_sha256": "976847ba61153d9d66cbd0664679310c52f12b8c00bddb6fb9038c11c3c6a993",
  "event_max": 2048,
  "format": "neapp-v2",
  "native_crc32": "0xde8e3439",
  "native_entry_offset": "0x0",
  "native_file_len": 36,
  "native_file_sha256": "9e7fb5a89e294425e83ac3fb39d6251424ab12a1d236b821d06eb41053c8c095",
  "native_image_size": 4,
  "native_target_addr": "0x93e00000",
  "package_sha256": "efcc324207a12d751bb3456ef12ea35452698b8619ef490258a4db34c2a2d3a1",
  "publisher_id": "dev-publisher",
  "publisher_key_sha256": "286c0cad7323705c0542cedc0f59e4614fa6504eebb83d6dcad3feba87648af3",
  "report_max": 6144,
  "required_exec_region_bytes": 4,
  "required_host_abi": "0x00020000",
  "required_host_caps": "0x3f",
  "required_psram_mib": 64,
  "result": "PASS",
  "run_profile": 1,
  "signature_len": 71,
  "state_quota": 4096,
  "target_board_id": "0x00003010",
  "tbs_len": 244
}
packed /Users/harryhua/Documents/GitHub/ne30x-app/.worktree/12/.worktree/13/tests/package-v2/work/pkg/lc-test-app-2.0.0.neapp.v2: tbs 244 B + der 70 B = 314 B, package_sha256 34f8ae184b0cebcba9e908072b0b7263fcb5ec2018a114cd57100ff075e06c3c, content_identity(SHA-256(TBS)) a83af01724cd2674216d1f46ff0d9d69f6eb0fcfeccdd343f6b5ade091ab5bab
provenance -> /Users/harryhua/Documents/GitHub/ne30x-app/.worktree/12/.worktree/13/tests/package-v2/work/pkg/lc-test-app-2.0.0.neapp.v2.provenance.json
VERIFIED: PASS — /Users/harryhua/Documents/GitHub/ne30x-app/.worktree/12/.worktree/13/tests/package-v2/work/pkg/lc-test-app-2.0.0.neapp.v2
{
  "app_id": "lc-test-app",
  "app_version": "2.0.0",
  "boundary": "offline verification only: not device install, execution, STM32/PKA verification, or power-fail recovery evidence",
  "content_identity_sha256": "a83af01724cd2674216d1f46ff0d9d69f6eb0fcfeccdd343f6b5ade091ab5bab",
  "event_max": 2048,
  "format": "neapp-v2",
  "native_crc32": "0xde8e3439",
  "native_entry_offset": "0x0",
  "native_file_len": 36,
  "native_file_sha256": "9e7fb5a89e294425e83ac3fb39d6251424ab12a1d236b821d06eb41053c8c095",
  "native_image_size": 4,
  "native_target_addr": "0x93e00000",
  "package_sha256": "34f8ae184b0cebcba9e908072b0b7263fcb5ec2018a114cd57100ff075e06c3c",
  "publisher_id": "dev-publisher",
  "publisher_key_sha256": "286c0cad7323705c0542cedc0f59e4614fa6504eebb83d6dcad3feba87648af3",
  "report_max": 6144,
  "required_exec_region_bytes": 4,
  "required_host_abi": "0x00020000",
  "required_host_caps": "0x3f",
  "required_psram_mib": 64,
  "result": "PASS",
  "run_profile": 1,
  "signature_len": 70,
  "state_quota": 4096,
  "target_board_id": "0x00003010",
  "tbs_len": 244
}
packed /Users/harryhua/Documents/GitHub/ne30x-app/.worktree/12/.worktree/13/tests/package-v2/work/pkg/lc-test-alt-1.0.0.neapp.v2: tbs 244 B + der 71 B = 315 B, package_sha256 4e9687bec0faed26ed2198cff505e5d5aa3ffdebc352046aeabfba8fc87eba18, content_identity(SHA-256(TBS)) f6d8764cf53a76480cbbfdd860f3249e792bbd3a5b49d27ffc9db5ab3b9b3e65
provenance -> /Users/harryhua/Documents/GitHub/ne30x-app/.worktree/12/.worktree/13/tests/package-v2/work/pkg/lc-test-alt-1.0.0.neapp.v2.provenance.json
VERIFIED: PASS — /Users/harryhua/Documents/GitHub/ne30x-app/.worktree/12/.worktree/13/tests/package-v2/work/pkg/lc-test-alt-1.0.0.neapp.v2
{
  "app_id": "lc-test-app",
  "app_version": "1.0.0",
  "boundary": "offline verification only: not device install, execution, STM32/PKA verification, or power-fail recovery evidence",
  "content_identity_sha256": "f6d8764cf53a76480cbbfdd860f3249e792bbd3a5b49d27ffc9db5ab3b9b3e65",
  "event_max": 2048,
  "format": "neapp-v2",
  "native_crc32": "0x4e3129a8",
  "native_entry_offset": "0x0",
  "native_file_len": 36,
  "native_file_sha256": "16cd5a93088375060043fdd728f7fec56d4edec17c684225f327a813e30fb39a",
  "native_image_size": 4,
  "native_target_addr": "0x93e00000",
  "package_sha256": "4e9687bec0faed26ed2198cff505e5d5aa3ffdebc352046aeabfba8fc87eba18",
  "publisher_id": "dev-publisher",
  "publisher_key_sha256": "286c0cad7323705c0542cedc0f59e4614fa6504eebb83d6dcad3feba87648af3",
  "report_max": 6144,
  "required_exec_region_bytes": 4,
  "required_host_abi": "0x00020000",
  "required_host_caps": "0x3f",
  "required_psram_mib": 64,
  "result": "PASS",
  "run_profile": 1,
  "signature_len": 71,
  "state_quota": 4096,
  "target_board_id": "0x00003010",
  "tbs_len": 244
}

== [7/8] v2 rejection matrix + cross-version discrimination
[v2-cases] positives: AC1 controlled-image package + #12 golden consistency (AC3)
  ok dev_v2_accept: PASS
  ok golden_replica_tbs_identity: PASS
  ok golden_artifact_accept: PASS
  ok golden_der_independent_cross: predicate
  ok archive_negative_resource_limit: RESOURCE_LIMIT [event_max 1024]
  ok golden_low_s_variant_same_identity: PASS
  ok dev_provenance_traceable: predicate
[v2-cases] rejection matrix: structure / DER / manifest encoding
  ok magic_unknown_version: BAD_PACKAGE [container magic]
  ok magic_v1_on_v2: BAD_PACKAGE [container magic]
  ok manifest_len_160_in_v2: BAD_PACKAGE [manifest_len]
  ok manifest_len_193_in_v2: BAD_PACKAGE [manifest_len]
  ok image_len_below_header: BAD_PACKAGE [cannot hold]
  ok image_len_overflow: BAD_PACKAGE [exceeds the v2 native file cap]
  ok truncate_whole_package: BAD_PACKAGE [shorter than the minimum]
  ok truncate_signature: BAD_PACKAGE [DER]
  ok der_tail_byte: BAD_PACKAGE [DER]
  ok der_second_object: BAD_PACKAGE [DER]
  ok der_r_zero: BAD_PACKAGE [r outside P-256 range]
  ok der_nonminimal_length: BAD_PACKAGE [DER]
  ok nmf1_magic_in_v2: BAD_PACKAGE [manifest magic]
  ok reserved_58_nonzero: BAD_PACKAGE [reserved bytes (58..59)]
  ok reserved_176_nonzero: BAD_PACKAGE [reserved bytes (176..191)]
  ok v2_container_v1_abi_m4: BAD_PACKAGE [required_host_abi must be 0x00020000]
[v2-cases] rejection matrix: signature coverage (tamper native/manifest/DER)
  ok tamper_native_payload: SIGNATURE_INVALID [verification failed]
  ok tamper_manifest_caps_escalation: SIGNATURE_INVALID [verification failed]
  ok tamper_manifest_version: SIGNATURE_INVALID [verification failed]
  ok tamper_der_region: SIGNATURE_INVALID [verification failed]
  ok wrong_signer_key: SIGNATURE_INVALID [verification failed]
[v2-cases] rejection matrix: publisher trust mapping (re-signed)
  ok unknown_publisher: PUBLISHER_UNTRUSTED [not in the local trust mapping]
  ok publisher_fingerprint_mismatch: PUBLISHER_UNTRUSTED [does not match the trusted key]
[v2-cases] rejection matrix: native cross-checks (re-signed, digest-consistent)
  ok native_header_abi_mismatch_m8: BAD_PACKAGE [abi_version]
  ok native_reserved0_nonzero: BAD_PACKAGE [reserved0]
  ok resigned_payload_crc_stale: BAD_PACKAGE [CRC-32]
  ok resigned_payload_digest_stale: BAD_PACKAGE [native_file_sha256]
  ok manifest_native_len_mismatch: BAD_PACKAGE [native_file_len]
  ok entry_odd_signed: BAD_PACKAGE [entry_offset]
  ok helloapp_v1_image_in_v2_container: BAD_PACKAGE [abi_version]
  ok helloapp_v1_image_pack_refusal: refused
[v2-cases] rejection matrix: v2 policy after valid signature (re-signed)
  ok caps_unknown_bit6: BAD_PACKAGE [unknown bits]
  ok profile1_without_bit5: BAD_PACKAGE [session_lifecycle]
  ok unknown_run_profile_2: BAD_PACKAGE [unknown run_profile]
  ok quota_without_cap: BAD_PACKAGE [without the ai_events]
  ok cap_without_quota: BAD_PACKAGE [requires a nonzero event_max]
  ok board_mismatch: TARGET_INCOMPATIBLE [target_board_id]
  ok psram_mismatch: TARGET_INCOMPATIBLE [required_psram_mib]
  ok caps_subset_host_missing_report_submit: ABI_INCOMPATIBLE [does not provide capability bits]
  ok event_max_under_business_floor: RESOURCE_LIMIT [below the 64-detection]
  ok report_max_under_business_floor: RESOURCE_LIMIT [below the line_counting report minimum]
  ok event_max_over_host_buffer: RESOURCE_LIMIT [exceeds the Host event buffer]
  ok state_quota_over_host: RESOURCE_LIMIT [exceeds the Host state quota]
  ok exec_region_over_host_actual: RESOURCE_LIMIT [exceeds the Host actual execution region]
  ok target_outside_host_loader_range: RESOURCE_LIMIT [outside the Host loader range]
  ok native_file_overrides_small_load_region: RESOURCE_LIMIT [Host load region]
[v2-cases] cross-version discrimination (§8 M2/M3, downgrade/conflict discriminators)
  ok v2_package_on_v1_verifier_m2: BAD_PACKAGE
  ok v1_package_on_v2_verifier: BAD_PACKAGE [not NEAPP v2]
  ok v1_caps_no_v2_upgrade_m3: predicate
  ok downgrade_discriminator: predicate
  ok content_conflict_discriminator: predicate
  ok idempotent_repack_same_identity: predicate
v2 case suite: 59 entries, all expectations matched
results -> /Users/harryhua/Documents/GitHub/ne30x-app/.worktree/12/.worktree/13/tests/package-v2/work/v2-cases/v2-cases-results.json

== [8/8] write structured evidence
evidence -> /Users/harryhua/Documents/GitHub/ne30x-app/.worktree/12/.worktree/13/docs/evidence/p6-package-artifacts.json

== ALL P6 PACKAGE CHECKS PASSED
controlled image /Users/harryhua/Documents/GitHub/ne30x-app/.worktree/12/.worktree/13/tests/package-v2/work/img/lc-test-image.bin
  sha256 9e7fb5a89e294425e83ac3fb39d6251424ab12a1d236b821d06eb41053c8c095
golden replica  /Users/harryhua/Documents/GitHub/ne30x-app/.worktree/12/.worktree/13/tests/package-v2/work/pkg/golden-replica.neapp.v2
  sha256 aad02bca22a1e10cd70f73d592ad89440e11a12a9c361abb5c99271087af3112
dev package     /Users/harryhua/Documents/GitHub/ne30x-app/.worktree/12/.worktree/13/tests/package-v2/work/pkg/lc-test-app-1.0.0.neapp.v2
  sha256 efcc324207a12d751bb3456ef12ea35452698b8619ef490258a4db34c2a2d3a1
evidence log    /Users/harryhua/Documents/GitHub/ne30x-app/.worktree/12/.worktree/13/docs/evidence/p6-package-checks.log
